
> jestest1@0.0.0 test
> node --experimental-vm-modules node_modules/jest/bin/jest.js --verbose --coverage

node.exe : (node:26688) 
ExperimentalWarning: VM 
Modules is an experimental 
feature and might change at 
any time
At line:1 char:1
+ & "C:\Program 
Files\nodejs/node.exe" "C:\Us
ers\chaki-web\AppData\Roam 
...
+ ~~~~~~~~~~~~~~~~~~~~~~~~~~~
~~~~~~~~~~~~~~~~~~~~~~~~~~~~~
~~~~~~~~~~~~~
    + CategoryInfo           
   : NotSpecified: ((node:2  
  6688) Ex...nge at any ti   
 me:String) [], RemoteExc    
eption
    + FullyQualifiedErrorId  
   : NativeCommandError
 
(Use `node --trace-warnings 
...` to show where the 
warning was created)
FAIL test/api.test.js
  fetchData
    ├ù fetches successfully 
data from an API (1 ms)
    ├ù fetches erroneously 
data from an API

  ΓùÅ fetchData ΓÇ║ fetches 
successfully data from an API

    ReferenceError: jest is 
not defined

    [0m [90m 3 |[39m descr
ibe([32m'fetchData'[39m[33
m,[39m () [33m=>[39m {
     [90m 4 |[39m   
beforeEach(() [33m=>[39m {
    
[31m[1m>[22m[39m[90m 5 
|[39m     
global[33m.[39mfetch 
[33m=[39m jest[33m.[39mfn
()[33m;[39m
     [90m   |[39m          
          
[31m[1m^[22m[39m
     [90m 6 |[39m   
})[33m;[39m
     [90m 7 |[39m
     [90m 8 |[39m   
afterEach(() [33m=>[39m 
{[0m

      at Object.jest 
(test/api.test.js:5:20)

  ΓùÅ fetchData ΓÇ║ fetches 
successfully data from an API

    ReferenceError: jest is 
not defined

    [0m [90m  7 |[39m
     [90m  8 |[39m   
afterEach(() [33m=>[39m {
    
[31m[1m>[22m[39m[90m  9 
|[39m     jest[33m.[39mres
etAllMocks()[33m;[39m
     [90m    |[39m     
[31m[1m^[22m[39m
     [90m 10 |[39m   
})[33m;[39m
     [90m 11 |[39m
     [90m 12 |[39m   
test([32m'fetches 
successfully data from an 
API'[39m[33m,[39m 
[36masync[39m () 
[33m=>[39m {[0m

      at Object.jest 
(test/api.test.js:9:5)

  ΓùÅ fetchData ΓÇ║ fetches 
erroneously data from an API

    ReferenceError: jest is 
not defined

    [0m [90m 3 |[39m descr
ibe([32m'fetchData'[39m[33
m,[39m () [33m=>[39m {
     [90m 4 |[39m   
beforeEach(() [33m=>[39m {
    
[31m[1m>[22m[39m[90m 5 
|[39m     
global[33m.[39mfetch 
[33m=[39m jest[33m.[39mfn
()[33m;[39m
     [90m   |[39m          
          
[31m[1m^[22m[39m
     [90m 6 |[39m   
})[33m;[39m
     [90m 7 |[39m
     [90m 8 |[39m   
afterEach(() [33m=>[39m 
{[0m

      at Object.jest 
(test/api.test.js:5:20)

  ΓùÅ fetchData ΓÇ║ fetches 
erroneously data from an API

    ReferenceError: jest is 
not defined

    [0m [90m  7 |[39m
     [90m  8 |[39m   
afterEach(() [33m=>[39m {
    
[31m[1m>[22m[39m[90m  9 
|[39m     jest[33m.[39mres
etAllMocks()[33m;[39m
     [90m    |[39m     
[31m[1m^[22m[39m
     [90m 10 |[39m   
})[33m;[39m
     [90m 11 |[39m
     [90m 12 |[39m   
test([32m'fetches 
successfully data from an 
API'[39m[33m,[39m 
[36masync[39m () 
[33m=>[39m {[0m

      at Object.jest 
(test/api.test.js:9:5)

FAIL test/userService.test.js
  ΓùÅ Test suite failed to 
run

    ReferenceError: require 
is not defined

    [0m [90m 3 |[39m
     [90m 4 |[39m [90m// 
Tell Jest to use the manual 
mock from 
src/__mocks__/api.js[39m
    
[31m[1m>[22m[39m[90m 5 
|[39m jest[33m.[39mmock([
32m'../src/api.js'[39m)[33m
;[39m
     [90m   |[39m          
                  
[31m[1m^[22m[39m
     [90m 6 |[39m
     [90m 7 |[39m describe(
[32m'userService'[39m[33m,
[39m () [33m=>[39m {
     [90m 8 |[39m   
test([32m'getUserName 
returns the name from the 
mocked API'[39m[33m,[39m 
[36masync[39m () 
[33m=>[39m {[0m

      at require (test/userSe
rvice.test.js:5:28)
      at _getJestObj (test/us
erService.test.js:5:1)

PASS test/counter.test.js
  counter
    ΓêÜ initializes with 
count 0 (7 ms)
    ΓêÜ increments on click 
(4 ms)

PASS test/stack.test.js
  Stack
    ΓêÜ is created empty (2 
ms)
    ΓêÜ can push items to 
the top
    ΓêÜ can pop items from 
the top

------------|---------|----------|---------|---------|-------------------
File        | % Stmts | % Branch | % Funcs | % Lines | Uncovered Line #s 
------------|---------|----------|---------|---------|-------------------
All files   |   78.26 |       25 |    87.5 |   80.95 |                   
 api.js     |      20 |        0 |       0 |      20 | 2-6               
 counter.js |     100 |      100 |     100 |     100 |                   
 stack.js   |    90.9 |       50 |     100 |     100 | 17                
------------|---------|----------|---------|---------|-------------------
Test Suites: 2 failed, 2 
passed, 4 total
Tests:       2 failed, 5 
passed, 7 total
Snapshots:   0 total
Time:        1.074 s
Ran all test suites.
